******************************************************************************
                  TI ARM Linker PC v18.1.1                     
******************************************************************************
>> Linked Thu Jun 28 13:31:58 2018

OUTPUT FILE NAME:   <StepperController.out>
ENTRY POINT SYMBOL: "_c_int00_noargs"  address: 00000f15


MEMORY CONFIGURATION

         name            origin    length      used     unused   attr    fill
----------------------  --------  ---------  --------  --------  ----  --------
  MAIN                  00000000   00040000  00001196  0003ee6a  R  X
  INFO                  00200000   00004000  00000000  00004000  R  X
  SRAM_CODE             01000000   00010000  00000705  0000f8fb  RW X
  SRAM_DATA             20000000   00010000  00000705  0000f8fb  RW  


SEGMENT ALLOCATION MAP

run origin  load origin   length   init length attrs members
----------  ----------- ---------- ----------- ----- -------
00000000    00000000    00001198   00001198    r-x
  00000000    00000000    000000e4   000000e4    r-- .intvecs
  000000e4    000000e4    00000fd2   00000fd2    r-x .text
  000010b8    000010b8    00000090   00000090    r-- .const
  00001148    00001148    00000050   00000050    r-- .cinit
20000000    20000000    00000509   00000000    rw-
  20000000    20000000    000000e4   00000000    rw- .vtable
  200000e8    200000e8    00000400   00000000    rw- .sysmem
  200004e8    200004e8    00000018   00000000    rw- .data
  20000500    20000500    00000009   00000000    rw- .bss
2000fe00    2000fe00    00000200   00000000    rw-
  2000fe00    2000fe00    00000200   00000000    rw- .stack


SECTION ALLOCATION MAP

 output                                  attributes/
section   page    origin      length       input sections
--------  ----  ----------  ----------   ----------------
.intvecs   0    00000000    000000e4     
                  00000000    000000e4     startup_msp432p401r_ccs.obj (.intvecs:retain)

.text      0    000000e4    00000fd2     
                  000000e4    000003f0     interrupt.obj (.text)
                  000004d4    00000334     system_msp432p401r.obj (.text)
                  00000808    00000300     main.obj (.text)
                  00000b08    000000f8     uart.obj (.text)
                  00000c00    000000d8     rtsv7M4_T_le_v4SPD16_eabi.lib : memory.c.obj (.text:free)
                  00000cd8    0000009c                                   : memcpy_t2.asm.obj (.text)
                  00000d74    00000078                                   : memory.c.obj (.text:malloc)
                  00000dec    00000068                                   : copy_decompress_lzss.c.obj (.text:decompress:lzss:__TI_decompress_lzss)
                  00000e54    00000044                                   : autoinit.c.obj (.text:__TI_auto_init_nobinit_nopinit:__TI_auto_init_nobinit_nopinit)
                  00000e98    0000003e     cpu.obj (.text)
                  00000ed6    00000002     rtsv7M4_T_le_v4SPD16_eabi.lib : _lock.c.obj (.text:_nop)
                  00000ed8    0000003c                                   : memory.c.obj (.text:minsert)
                  00000f14    00000038                                   : boot_cortex_m.c.obj (.text:_c_int00_noargs:_c_int00_noargs)
                  00000f4c    00000038                                   : memory.c.obj (.text:minit)
                  00000f84    00000036                                   : strncpy.c.obj (.text:strncpy)
                  00000fba    0000002c                                   : strncmp.c.obj (.text:strncmp)
                  00000fe6    0000002a                                   : memory.c.obj (.text:calloc)
                  00001010    00000028                                   : memory.c.obj (.text:mremove)
                  00001038    0000001e                                   : strcat.c.obj (.text:strcat)
                  00001056    00000016                                   : strchr.c.obj (.text:strchr)
                  0000106c    00000014                                   : strlen.c.obj (.text:strlen)
                  00001080    00000012                                   : copy_zero_init.c.obj (.text:decompress:ZI:__TI_zero_init_nomemset:__TI_zero_init_nomemset)
                  00001092    0000000e                                   : copy_decompress_none.c.obj (.text:decompress:none:__TI_decompress_none)
                  000010a0    0000000e     startup_msp432p401r_ccs.obj (.text)
                  000010ae    00000004     rtsv7M4_T_le_v4SPD16_eabi.lib : pre_init.c.obj (.text:_system_pre_init)
                  000010b2    00000004                                   : exit.c.obj (.text:abort:abort)

.const     0    000010b8    00000090     
                  000010b8    00000050     interrupt.obj (.const:g_pulRegs)
                  00001108    00000020     interrupt.obj (.const:g_pulPriority)
                  00001128    00000008     interrupt.obj (.const:g_pulDisRegs)
                  00001130    00000008     interrupt.obj (.const:g_pulEnRegs)
                  00001138    00000008     interrupt.obj (.const:g_pulPendRegs)
                  00001140    00000008     interrupt.obj (.const:g_pulUnpendRegs)

.cinit     0    00001148    00000050     
                  00001148    0000001a     (.cinit..data.load) [load image, compression = lzss]
                  00001162    00000002     --HOLE-- [fill = 0]
                  00001164    0000000c     (__TI_handler_table)
                  00001170    00000008     (.cinit..bss.load) [load image, compression = zero_init]
                  00001178    00000008     (.cinit..vtable.load) [load image, compression = zero_init]
                  00001180    00000018     (__TI_cinit_table)

.init_array 
*          0    00000000    00000000     UNINITIALIZED

.binit     0    00000000    00000000     

.vtable    0    20000000    000000e4     UNINITIALIZED
                  20000000    000000e4     interrupt.obj (.vtable)

.sysmem    0    200000e8    00000400     UNINITIALIZED
                  200000e8    00000008     rtsv7M4_T_le_v4SPD16_eabi.lib : memory.c.obj (.sysmem)
                  200000f0    000003f8     --HOLE--

.data      0    200004e8    00000018     UNINITIALIZED
                  200004e8    0000000c     rtsv7M4_T_le_v4SPD16_eabi.lib : memory.c.obj (.data:$O1$$)
                  200004f4    00000008                                   : _lock.c.obj (.data:$O1$$)
                  200004fc    00000004     system_msp432p401r.obj (.data)

.bss       0    20000500    00000009     UNINITIALIZED
                  20000500    00000004     (.common:cmdBuffer)
                  20000504    00000004     (.common:controllerConfig)
                  20000508    00000001     (.common:cmdFlag)

.stack     0    2000fe00    00000200     UNINITIALIZED
                  2000fe00    00000004     rtsv7M4_T_le_v4SPD16_eabi.lib : boot_cortex_m.c.obj (.stack)
                  2000fe04    000001fc     --HOLE--

MODULE SUMMARY

       Module                        code   ro data   rw data
       ------                        ----   -------   -------
    .\
       system_msp432p401r.obj        820    0         8      
       main.obj                      768    0         18     
       startup_msp432p401r_ccs.obj   14     228       0      
    +--+-----------------------------+------+---------+---------+
       Total:                        1602   228       26     
                                                             
    .\driverlib\MSP432P4xx\
       interrupt.obj                 1008   144       456    
       cpu.obj                       62     0         0      
    +--+-----------------------------+------+---------+---------+
       Total:                        1070   144       456    
                                                             
    .\modules\
       uart.obj                      248    0         0      
    +--+-----------------------------+------+---------+---------+
       Total:                        248    0         0      
                                                             
    C:\ti\ccsv8\tools\compiler\ti-cgt-arm_18.1.1.LTS\lib\rtsv7M4_T_le_v4SPD16_eabi.lib
       memory.c.obj                  534    0         24     
       memcpy_t2.asm.obj             156    0         0      
       copy_decompress_lzss.c.obj    104    0         0      
       autoinit.c.obj                68     0         0      
       boot_cortex_m.c.obj           56     0         0      
       strncpy.c.obj                 54     0         0      
       strncmp.c.obj                 44     0         0      
       strcat.c.obj                  30     0         0      
       strchr.c.obj                  22     0         0      
       strlen.c.obj                  20     0         0      
       _lock.c.obj                   2      0         16     
       copy_zero_init.c.obj          18     0         0      
       copy_decompress_none.c.obj    14     0         0      
       exit.c.obj                    4      0         0      
       pre_init.c.obj                4      0         0      
    +--+-----------------------------+------+---------+---------+
       Total:                        1130   0         40     
                                                             
       Heap:                         0      0         2048   
       Stack:                        0      0         1024   
       Linker Generated:             0      78        0      
    +--+-----------------------------+------+---------+---------+
       Grand Total:                  4050   450       3594   


LINKER GENERATED COPY TABLES

__TI_cinit_table @ 00001180 records: 3, size/record: 8, table size: 24
	.data: load addr=00001148, load size=0000001a bytes, run addr=200004e8, run size=00000018 bytes, compression=lzss
	.bss: load addr=00001170, load size=00000008 bytes, run addr=20000500, run size=00000009 bytes, compression=zero_init
	.vtable: load addr=00001178, load size=00000008 bytes, run addr=20000000, run size=000000e4 bytes, compression=zero_init


LINKER GENERATED HANDLER TABLE

__TI_handler_table @ 00001164 records: 3, size/record: 4, table size: 12
	index: 0, handler: __TI_zero_init
	index: 1, handler: __TI_decompress_lzss
	index: 2, handler: __TI_decompress_none


GLOBAL SYMBOLS: SORTED ALPHABETICALLY BY Name 

address   name                           
-------   ----                           
000010ad  ADC14_IRQHandler               
000010ad  AES256_IRQHandler              
000010ad  BusFault_Handler               
000010b3  C$$EXIT                        
000010ad  COMP_E0_IRQHandler             
000010ad  COMP_E1_IRQHandler             
00000ecd  CPU_basepriGet                 
00000ebf  CPU_basepriSet                 
00000e99  CPU_cpsid                      
00000eaf  CPU_cpsie                      
00000ea5  CPU_primask                    
00000ebb  CPU_wfi                        
000010ad  CS_IRQHandler                  
000010ad  DMA_ERR_IRQHandler             
000010ad  DMA_INT0_IRQHandler            
000010ad  DMA_INT1_IRQHandler            
000010ad  DMA_INT2_IRQHandler            
000010ad  DMA_INT3_IRQHandler            
000010ad  DebugMon_Handler               
000010ad  Default_Handler                
00000b51  EUSCIA0_IRQHandler             
00000b51  EUSCIA0_IRQHandler             
000010ad  EUSCIA1_IRQHandler             
000010ad  EUSCIA2_IRQHandler             
000010ad  EUSCIA3_IRQHandler             
000010ad  EUSCIB0_IRQHandler             
000010ad  EUSCIB1_IRQHandler             
000010ad  EUSCIB2_IRQHandler             
000010ad  EUSCIB3_IRQHandler             
000010ad  FLCTL_IRQHandler               
000010ad  FPU_IRQHandler                 
000010ad  HardFault_Handler              
000002a7  Interrupt_disableInterrupt     
000000f7  Interrupt_disableMaster        
000004a5  Interrupt_disableSleepOnIsrExit
00000235  Interrupt_enableInterrupt      
000000e7  Interrupt_enableMaster         
00000493  Interrupt_enableSleepOnIsrExit 
0000020f  Interrupt_getPriority          
00000187  Interrupt_getPriorityGrouping  
00000473  Interrupt_getPriorityMask      
0000048d  Interrupt_getVectorTableAddress
00000319  Interrupt_isEnabled            
000003a5  Interrupt_pendInterrupt        
00000107  Interrupt_registerInterrupt    
000001bf  Interrupt_setPriority          
0000016d  Interrupt_setPriorityGrouping  
00000463  Interrupt_setPriorityMask      
0000047d  Interrupt_setVectorTableAddress
00000415  Interrupt_unpendInterrupt      
00000159  Interrupt_unregisterInterrupt  
000010ad  MemManage_Handler              
000010ad  NMI_Handler                    
000010ad  PCM_IRQHandler                 
000010ad  PORT1_IRQHandler               
000010ad  PORT2_IRQHandler               
000010ad  PORT3_IRQHandler               
000010ad  PORT4_IRQHandler               
000010ad  PORT5_IRQHandler               
000010ad  PORT6_IRQHandler               
000010ad  PSS_IRQHandler                 
000010ad  PendSV_Handler                 
000010ad  RTC_C_IRQHandler               
000010a1  Reset_Handler                  
000010ad  SVC_Handler                    
000010ad  SysTick_Handler                
000009e7  SysTick_Init                   
00000a03  SysTick_delay                  
200004fc  SystemCoreClock                
000004d5  SystemCoreClockUpdate          
0000074d  SystemInit                     
000010ad  T32_INT1_IRQHandler            
000010ad  T32_INT2_IRQHandler            
000010ad  T32_INTC_IRQHandler            
000010ad  TA0_0_IRQHandler               
000010ad  TA0_N_IRQHandler               
000010ad  TA1_0_IRQHandler               
000010ad  TA1_N_IRQHandler               
000010ad  TA2_0_IRQHandler               
000010ad  TA2_N_IRQHandler               
000010ad  TA3_0_IRQHandler               
000010ad  TA3_N_IRQHandler               
00000b8d  UART0_init                     
00000b09  UART_Send                      
00000b25  UART_SendString                
000010ad  UsageFault_Handler             
4000480c  WDTCTL_SYM                     
000010ad  WDT_A_IRQHandler               
20010000  __STACK_END                    
00000200  __STACK_SIZE                   
00000400  __SYSMEM_SIZE                  
00001180  __TI_CINIT_Base                
00001198  __TI_CINIT_Limit               
00001164  __TI_Handler_Table_Base        
00001170  __TI_Handler_Table_Limit       
00000e55  __TI_auto_init_nobinit_nopinit 
00000ded  __TI_decompress_lzss           
00001093  __TI_decompress_none           
ffffffff  __TI_pprof_out_hndl            
ffffffff  __TI_prof_data_size            
ffffffff  __TI_prof_data_start           
00000000  __TI_static_base__             
00001081  __TI_zero_init_nomemset        
00000cd9  __aeabi_memcpy                 
00000cd9  __aeabi_memcpy4                
00000cd9  __aeabi_memcpy8                
ffffffff  __binit__                      
ffffffff  __c_args__                     
UNDEFED   __mpu_init                     
2000fe00  __stack                        
00000f15  _c_int00_noargs                
200004f4  _lock                          
00000ed7  _nop                           
200000e8  _sys_memory                    
UNDEFED   _system_post_cinit             
000010af  _system_pre_init               
200004f8  _unlock                        
000010b3  abort                          
ffffffff  binit                          
00000fe7  calloc                         
20000500  cmdBuffer                      
20000508  cmdFlag                        
20000504  controllerConfig               
00000c01  free                           
20000000  g_pfnRAMVectors                
00000000  interruptVectors               
00000809  main                           
00000d75  malloc                         
00000cd9  memcpy                         
00000f4d  minit                          
0000094b  on_commandEntered              
00001039  strcat                         
00001057  strchr                         
0000106d  strlen                         
00000fbb  strncmp                        
00000f85  strncpy                        


GLOBAL SYMBOLS: SORTED BY Symbol Address 

address   name                           
-------   ----                           
00000000  __TI_static_base__             
00000000  interruptVectors               
000000e7  Interrupt_enableMaster         
000000f7  Interrupt_disableMaster        
00000107  Interrupt_registerInterrupt    
00000159  Interrupt_unregisterInterrupt  
0000016d  Interrupt_setPriorityGrouping  
00000187  Interrupt_getPriorityGrouping  
000001bf  Interrupt_setPriority          
00000200  __STACK_SIZE                   
0000020f  Interrupt_getPriority          
00000235  Interrupt_enableInterrupt      
000002a7  Interrupt_disableInterrupt     
00000319  Interrupt_isEnabled            
000003a5  Interrupt_pendInterrupt        
00000400  __SYSMEM_SIZE                  
00000415  Interrupt_unpendInterrupt      
00000463  Interrupt_setPriorityMask      
00000473  Interrupt_getPriorityMask      
0000047d  Interrupt_setVectorTableAddress
0000048d  Interrupt_getVectorTableAddress
00000493  Interrupt_enableSleepOnIsrExit 
000004a5  Interrupt_disableSleepOnIsrExit
000004d5  SystemCoreClockUpdate          
0000074d  SystemInit                     
00000809  main                           
0000094b  on_commandEntered              
000009e7  SysTick_Init                   
00000a03  SysTick_delay                  
00000b09  UART_Send                      
00000b25  UART_SendString                
00000b51  EUSCIA0_IRQHandler             
00000b51  EUSCIA0_IRQHandler             
00000b8d  UART0_init                     
00000c01  free                           
00000cd9  __aeabi_memcpy                 
00000cd9  __aeabi_memcpy4                
00000cd9  __aeabi_memcpy8                
00000cd9  memcpy                         
00000d75  malloc                         
00000ded  __TI_decompress_lzss           
00000e55  __TI_auto_init_nobinit_nopinit 
00000e99  CPU_cpsid                      
00000ea5  CPU_primask                    
00000eaf  CPU_cpsie                      
00000ebb  CPU_wfi                        
00000ebf  CPU_basepriSet                 
00000ecd  CPU_basepriGet                 
00000ed7  _nop                           
00000f15  _c_int00_noargs                
00000f4d  minit                          
00000f85  strncpy                        
00000fbb  strncmp                        
00000fe7  calloc                         
00001039  strcat                         
00001057  strchr                         
0000106d  strlen                         
00001081  __TI_zero_init_nomemset        
00001093  __TI_decompress_none           
000010a1  Reset_Handler                  
000010ad  ADC14_IRQHandler               
000010ad  AES256_IRQHandler              
000010ad  BusFault_Handler               
000010ad  COMP_E0_IRQHandler             
000010ad  COMP_E1_IRQHandler             
000010ad  CS_IRQHandler                  
000010ad  DMA_ERR_IRQHandler             
000010ad  DMA_INT0_IRQHandler            
000010ad  DMA_INT1_IRQHandler            
000010ad  DMA_INT2_IRQHandler            
000010ad  DMA_INT3_IRQHandler            
000010ad  DebugMon_Handler               
000010ad  Default_Handler                
000010ad  EUSCIA1_IRQHandler             
000010ad  EUSCIA2_IRQHandler             
000010ad  EUSCIA3_IRQHandler             
000010ad  EUSCIB0_IRQHandler             
000010ad  EUSCIB1_IRQHandler             
000010ad  EUSCIB2_IRQHandler             
000010ad  EUSCIB3_IRQHandler             
000010ad  FLCTL_IRQHandler               
000010ad  FPU_IRQHandler                 
000010ad  HardFault_Handler              
000010ad  MemManage_Handler              
000010ad  NMI_Handler                    
000010ad  PCM_IRQHandler                 
000010ad  PORT1_IRQHandler               
000010ad  PORT2_IRQHandler               
000010ad  PORT3_IRQHandler               
000010ad  PORT4_IRQHandler               
000010ad  PORT5_IRQHandler               
000010ad  PORT6_IRQHandler               
000010ad  PSS_IRQHandler                 
000010ad  PendSV_Handler                 
000010ad  RTC_C_IRQHandler               
000010ad  SVC_Handler                    
000010ad  SysTick_Handler                
000010ad  T32_INT1_IRQHandler            
000010ad  T32_INT2_IRQHandler            
000010ad  T32_INTC_IRQHandler            
000010ad  TA0_0_IRQHandler               
000010ad  TA0_N_IRQHandler               
000010ad  TA1_0_IRQHandler               
000010ad  TA1_N_IRQHandler               
000010ad  TA2_0_IRQHandler               
000010ad  TA2_N_IRQHandler               
000010ad  TA3_0_IRQHandler               
000010ad  TA3_N_IRQHandler               
000010ad  UsageFault_Handler             
000010ad  WDT_A_IRQHandler               
000010af  _system_pre_init               
000010b3  C$$EXIT                        
000010b3  abort                          
00001164  __TI_Handler_Table_Base        
00001170  __TI_Handler_Table_Limit       
00001180  __TI_CINIT_Base                
00001198  __TI_CINIT_Limit               
20000000  g_pfnRAMVectors                
200000e8  _sys_memory                    
200004f4  _lock                          
200004f8  _unlock                        
200004fc  SystemCoreClock                
20000500  cmdBuffer                      
20000504  controllerConfig               
20000508  cmdFlag                        
2000fe00  __stack                        
20010000  __STACK_END                    
4000480c  WDTCTL_SYM                     
ffffffff  __TI_pprof_out_hndl            
ffffffff  __TI_prof_data_size            
ffffffff  __TI_prof_data_start           
ffffffff  __binit__                      
ffffffff  __c_args__                     
ffffffff  binit                          
UNDEFED   __mpu_init                     
UNDEFED   _system_post_cinit             

[136 symbols]
