******************************************************************************
                  TI ARM Linker PC v18.1.1                     
******************************************************************************
>> Linked Wed Jun 27 13:17:09 2018

OUTPUT FILE NAME:   <StepperController.out>
ENTRY POINT SYMBOL: "_c_int00_noargs"  address: 00000d05


MEMORY CONFIGURATION

         name            origin    length      used     unused   attr    fill
----------------------  --------  ---------  --------  --------  ----  --------
  MAIN                  00000000   00040000  00000ef2  0003f10e  R  X
  INFO                  00200000   00004000  00000000  00004000  R  X
  SRAM_CODE             01000000   00010000  00000700  0000f900  RW X
  SRAM_DATA             20000000   00010000  00000700  0000f900  RW  


SEGMENT ALLOCATION MAP

run origin  load origin   length   init length attrs members
----------  ----------- ---------- ----------- ----- -------
00000000    00000000    00000ef8   00000ef8    r-x
  00000000    00000000    000000e4   000000e4    r-- .intvecs
  000000e4    000000e4    00000d2e   00000d2e    r-x .text
  00000e14    00000e14    00000090   00000090    r-- .const
  00000ea8    00000ea8    00000050   00000050    r-- .cinit
20000000    20000000    00000500   00000000    rw-
  20000000    20000000    000000e4   00000000    rw- .vtable
  200000e4    200000e4    00000004   00000000    rw- .bss
  200000e8    200000e8    00000400   00000000    rw- .sysmem
  200004e8    200004e8    00000018   00000000    rw- .data
2000fe00    2000fe00    00000200   00000000    rw-
  2000fe00    2000fe00    00000200   00000000    rw- .stack


SECTION ALLOCATION MAP

 output                                  attributes/
section   page    origin      length       input sections
--------  ----  ----------  ----------   ----------------
.intvecs   0    00000000    000000e4     
                  00000000    000000e4     startup_msp432p401r_ccs.obj (.intvecs:retain)

.text      0    000000e4    00000d2e     
                  000000e4    000003f0     interrupt.obj (.text)
                  000004d4    00000334     system_msp432p401r.obj (.text)
                  00000808    000002c0     main.obj (.text)
                  00000ac8    0000009c     rtsv7M4_T_le_v4SPD16_eabi.lib : memcpy_t2.asm.obj (.text)
                  00000b64    00000078                                   : memory.c.obj (.text:malloc)
                  00000bdc    00000068                                   : copy_decompress_lzss.c.obj (.text:decompress:lzss:__TI_decompress_lzss)
                  00000c44    00000044                                   : autoinit.c.obj (.text:__TI_auto_init_nobinit_nopinit:__TI_auto_init_nobinit_nopinit)
                  00000c88    0000003e     cpu.obj (.text)
                  00000cc6    00000002     rtsv7M4_T_le_v4SPD16_eabi.lib : _lock.c.obj (.text:_nop)
                  00000cc8    0000003c                                   : memory.c.obj (.text:minsert)
                  00000d04    00000038                                   : boot_cortex_m.c.obj (.text:_c_int00_noargs:_c_int00_noargs)
                  00000d3c    00000038                                   : memory.c.obj (.text:minit)
                  00000d74    0000002a                                   : memory.c.obj (.text:calloc)
                  00000d9e    00000002     --HOLE-- [fill = 0]
                  00000da0    00000028                                   : memory.c.obj (.text:mremove)
                  00000dc8    00000014                                   : strlen.c.obj (.text:strlen)
                  00000ddc    00000012                                   : copy_zero_init.c.obj (.text:decompress:ZI:__TI_zero_init_nomemset:__TI_zero_init_nomemset)
                  00000dee    0000000e                                   : copy_decompress_none.c.obj (.text:decompress:none:__TI_decompress_none)
                  00000dfc    0000000e     startup_msp432p401r_ccs.obj (.text)
                  00000e0a    00000004     rtsv7M4_T_le_v4SPD16_eabi.lib : pre_init.c.obj (.text:_system_pre_init)
                  00000e0e    00000004                                   : exit.c.obj (.text:abort:abort)

.const     0    00000e14    00000090     
                  00000e14    00000050     interrupt.obj (.const:g_pulRegs)
                  00000e64    00000020     interrupt.obj (.const:g_pulPriority)
                  00000e84    00000008     interrupt.obj (.const:g_pulDisRegs)
                  00000e8c    00000008     interrupt.obj (.const:g_pulEnRegs)
                  00000e94    00000008     interrupt.obj (.const:g_pulPendRegs)
                  00000e9c    00000008     interrupt.obj (.const:g_pulUnpendRegs)

.cinit     0    00000ea8    00000050     
                  00000ea8    0000001a     (.cinit..data.load) [load image, compression = lzss]
                  00000ec2    00000002     --HOLE-- [fill = 0]
                  00000ec4    0000000c     (__TI_handler_table)
                  00000ed0    00000008     (.cinit..bss.load) [load image, compression = zero_init]
                  00000ed8    00000008     (.cinit..vtable.load) [load image, compression = zero_init]
                  00000ee0    00000018     (__TI_cinit_table)

.init_array 
*          0    00000000    00000000     UNINITIALIZED

.binit     0    00000000    00000000     

.vtable    0    20000000    000000e4     UNINITIALIZED
                  20000000    000000e4     interrupt.obj (.vtable)

.bss       0    200000e4    00000004     UNINITIALIZED
                  200000e4    00000004     (.common:controllerConfig)

.sysmem    0    200000e8    00000400     UNINITIALIZED
                  200000e8    00000008     rtsv7M4_T_le_v4SPD16_eabi.lib : memory.c.obj (.sysmem)
                  200000f0    000003f8     --HOLE--

.data      0    200004e8    00000018     UNINITIALIZED
                  200004e8    0000000c     rtsv7M4_T_le_v4SPD16_eabi.lib : memory.c.obj (.data:$O1$$)
                  200004f4    00000008                                   : _lock.c.obj (.data:$O1$$)
                  200004fc    00000004     system_msp432p401r.obj (.data)

.stack     0    2000fe00    00000200     UNINITIALIZED
                  2000fe00    00000004     rtsv7M4_T_le_v4SPD16_eabi.lib : boot_cortex_m.c.obj (.stack)
                  2000fe04    000001fc     --HOLE--

MODULE SUMMARY

       Module                        code   ro data   rw data
       ------                        ----   -------   -------
    .\
       system_msp432p401r.obj        820    0         8      
       main.obj                      704    0         8      
       startup_msp432p401r_ccs.obj   14     228       0      
    +--+-----------------------------+------+---------+---------+
       Total:                        1538   228       16     
                                                             
    .\driverlib\MSP432P4xx\
       interrupt.obj                 1008   144       456    
       cpu.obj                       62     0         0      
    +--+-----------------------------+------+---------+---------+
       Total:                        1070   144       456    
                                                             
    C:\ti\ccsv8\tools\compiler\ti-cgt-arm_18.1.1.LTS\lib\rtsv7M4_T_le_v4SPD16_eabi.lib
       memory.c.obj                  318    0         24     
       memcpy_t2.asm.obj             156    0         0      
       copy_decompress_lzss.c.obj    104    0         0      
       autoinit.c.obj                68     0         0      
       boot_cortex_m.c.obj           56     0         0      
       strlen.c.obj                  20     0         0      
       _lock.c.obj                   2      0         16     
       copy_zero_init.c.obj          18     0         0      
       copy_decompress_none.c.obj    14     0         0      
       exit.c.obj                    4      0         0      
       pre_init.c.obj                4      0         0      
    +--+-----------------------------+------+---------+---------+
       Total:                        764    0         40     
                                                             
       Heap:                         0      0         2048   
       Stack:                        0      0         1024   
       Linker Generated:             0      78        0      
    +--+-----------------------------+------+---------+---------+
       Grand Total:                  3372   450       3584   


LINKER GENERATED COPY TABLES

__TI_cinit_table @ 00000ee0 records: 3, size/record: 8, table size: 24
	.data: load addr=00000ea8, load size=0000001a bytes, run addr=200004e8, run size=00000018 bytes, compression=lzss
	.bss: load addr=00000ed0, load size=00000008 bytes, run addr=200000e4, run size=00000004 bytes, compression=zero_init
	.vtable: load addr=00000ed8, load size=00000008 bytes, run addr=20000000, run size=000000e4 bytes, compression=zero_init


LINKER GENERATED HANDLER TABLE

__TI_handler_table @ 00000ec4 records: 3, size/record: 4, table size: 12
	index: 0, handler: __TI_zero_init
	index: 1, handler: __TI_decompress_lzss
	index: 2, handler: __TI_decompress_none


GLOBAL SYMBOLS: SORTED ALPHABETICALLY BY Name 

address   name                           
-------   ----                           
00000e09  ADC14_IRQHandler               
00000e09  AES256_IRQHandler              
00000e09  BusFault_Handler               
00000e0f  C$$EXIT                        
00000e09  COMP_E0_IRQHandler             
00000e09  COMP_E1_IRQHandler             
00000cbd  CPU_basepriGet                 
00000caf  CPU_basepriSet                 
00000c89  CPU_cpsid                      
00000c9f  CPU_cpsie                      
00000c95  CPU_primask                    
00000cab  CPU_wfi                        
00000e09  CS_IRQHandler                  
00000e09  DMA_ERR_IRQHandler             
00000e09  DMA_INT0_IRQHandler            
00000e09  DMA_INT1_IRQHandler            
00000e09  DMA_INT2_IRQHandler            
00000e09  DMA_INT3_IRQHandler            
00000e09  DebugMon_Handler               
00000e09  Default_Handler                
000009b7  EUSCIA0_IRQHandler             
000009b7  EUSCIA0_IRQHandler             
00000e09  EUSCIA1_IRQHandler             
00000e09  EUSCIA2_IRQHandler             
00000e09  EUSCIA3_IRQHandler             
00000e09  EUSCIB0_IRQHandler             
00000e09  EUSCIB1_IRQHandler             
00000e09  EUSCIB2_IRQHandler             
00000e09  EUSCIB3_IRQHandler             
00000e09  FLCTL_IRQHandler               
00000e09  FPU_IRQHandler                 
00000e09  HardFault_Handler              
000002a7  Interrupt_disableInterrupt     
000000f7  Interrupt_disableMaster        
000004a5  Interrupt_disableSleepOnIsrExit
00000235  Interrupt_enableInterrupt      
000000e7  Interrupt_enableMaster         
00000493  Interrupt_enableSleepOnIsrExit 
0000020f  Interrupt_getPriority          
00000187  Interrupt_getPriorityGrouping  
00000473  Interrupt_getPriorityMask      
0000048d  Interrupt_getVectorTableAddress
00000319  Interrupt_isEnabled            
000003a5  Interrupt_pendInterrupt        
00000107  Interrupt_registerInterrupt    
000001bf  Interrupt_setPriority          
0000016d  Interrupt_setPriorityGrouping  
00000463  Interrupt_setPriorityMask      
0000047d  Interrupt_setVectorTableAddress
00000415  Interrupt_unpendInterrupt      
00000159  Interrupt_unregisterInterrupt  
00000e09  MemManage_Handler              
00000e09  NMI_Handler                    
00000e09  PCM_IRQHandler                 
00000e09  PORT1_IRQHandler               
00000e09  PORT2_IRQHandler               
00000e09  PORT3_IRQHandler               
00000e09  PORT4_IRQHandler               
00000e09  PORT5_IRQHandler               
00000e09  PORT6_IRQHandler               
00000e09  PSS_IRQHandler                 
00000e09  PendSV_Handler                 
00000e09  RTC_C_IRQHandler               
00000dfd  Reset_Handler                  
00000e09  SVC_Handler                    
00000e09  SysTick_Handler                
00000929  SysTick_Init                   
00000945  SysTick_delay                  
200004fc  SystemCoreClock                
000004d5  SystemCoreClockUpdate          
0000074d  SystemInit                     
00000e09  T32_INT1_IRQHandler            
00000e09  T32_INT2_IRQHandler            
00000e09  T32_INTC_IRQHandler            
00000e09  TA0_0_IRQHandler               
00000e09  TA0_N_IRQHandler               
00000e09  TA1_0_IRQHandler               
00000e09  TA1_N_IRQHandler               
00000e09  TA2_0_IRQHandler               
00000e09  TA2_N_IRQHandler               
00000e09  TA3_0_IRQHandler               
00000e09  TA3_N_IRQHandler               
000009e9  UART0_init                     
0000096f  UART_Send                      
0000098b  UART_SendString                
00000e09  UsageFault_Handler             
4000480c  WDTCTL_SYM                     
00000e09  WDT_A_IRQHandler               
20010000  __STACK_END                    
00000200  __STACK_SIZE                   
00000400  __SYSMEM_SIZE                  
00000ee0  __TI_CINIT_Base                
00000ef8  __TI_CINIT_Limit               
00000ec4  __TI_Handler_Table_Base        
00000ed0  __TI_Handler_Table_Limit       
00000c45  __TI_auto_init_nobinit_nopinit 
00000bdd  __TI_decompress_lzss           
00000def  __TI_decompress_none           
ffffffff  __TI_pprof_out_hndl            
ffffffff  __TI_prof_data_size            
ffffffff  __TI_prof_data_start           
00000000  __TI_static_base__             
00000ddd  __TI_zero_init_nomemset        
00000ac9  __aeabi_memcpy                 
00000ac9  __aeabi_memcpy4                
00000ac9  __aeabi_memcpy8                
ffffffff  __binit__                      
ffffffff  __c_args__                     
UNDEFED   __mpu_init                     
2000fe00  __stack                        
00000d05  _c_int00_noargs                
200004f4  _lock                          
00000cc7  _nop                           
200000e8  _sys_memory                    
UNDEFED   _system_post_cinit             
00000e0b  _system_pre_init               
200004f8  _unlock                        
00000e0f  abort                          
ffffffff  binit                          
00000d75  calloc                         
200000e4  controllerConfig               
20000000  g_pfnRAMVectors                
00000000  interruptVectors               
00000809  main                           
00000b65  malloc                         
00000ac9  memcpy                         
00000d3d  minit                          
00000dc9  strlen                         


GLOBAL SYMBOLS: SORTED BY Symbol Address 

address   name                           
-------   ----                           
00000000  __TI_static_base__             
00000000  interruptVectors               
000000e7  Interrupt_enableMaster         
000000f7  Interrupt_disableMaster        
00000107  Interrupt_registerInterrupt    
00000159  Interrupt_unregisterInterrupt  
0000016d  Interrupt_setPriorityGrouping  
00000187  Interrupt_getPriorityGrouping  
000001bf  Interrupt_setPriority          
00000200  __STACK_SIZE                   
0000020f  Interrupt_getPriority          
00000235  Interrupt_enableInterrupt      
000002a7  Interrupt_disableInterrupt     
00000319  Interrupt_isEnabled            
000003a5  Interrupt_pendInterrupt        
00000400  __SYSMEM_SIZE                  
00000415  Interrupt_unpendInterrupt      
00000463  Interrupt_setPriorityMask      
00000473  Interrupt_getPriorityMask      
0000047d  Interrupt_setVectorTableAddress
0000048d  Interrupt_getVectorTableAddress
00000493  Interrupt_enableSleepOnIsrExit 
000004a5  Interrupt_disableSleepOnIsrExit
000004d5  SystemCoreClockUpdate          
0000074d  SystemInit                     
00000809  main                           
00000929  SysTick_Init                   
00000945  SysTick_delay                  
0000096f  UART_Send                      
0000098b  UART_SendString                
000009b7  EUSCIA0_IRQHandler             
000009b7  EUSCIA0_IRQHandler             
000009e9  UART0_init                     
00000ac9  __aeabi_memcpy                 
00000ac9  __aeabi_memcpy4                
00000ac9  __aeabi_memcpy8                
00000ac9  memcpy                         
00000b65  malloc                         
00000bdd  __TI_decompress_lzss           
00000c45  __TI_auto_init_nobinit_nopinit 
00000c89  CPU_cpsid                      
00000c95  CPU_primask                    
00000c9f  CPU_cpsie                      
00000cab  CPU_wfi                        
00000caf  CPU_basepriSet                 
00000cbd  CPU_basepriGet                 
00000cc7  _nop                           
00000d05  _c_int00_noargs                
00000d3d  minit                          
00000d75  calloc                         
00000dc9  strlen                         
00000ddd  __TI_zero_init_nomemset        
00000def  __TI_decompress_none           
00000dfd  Reset_Handler                  
00000e09  ADC14_IRQHandler               
00000e09  AES256_IRQHandler              
00000e09  BusFault_Handler               
00000e09  COMP_E0_IRQHandler             
00000e09  COMP_E1_IRQHandler             
00000e09  CS_IRQHandler                  
00000e09  DMA_ERR_IRQHandler             
00000e09  DMA_INT0_IRQHandler            
00000e09  DMA_INT1_IRQHandler            
00000e09  DMA_INT2_IRQHandler            
00000e09  DMA_INT3_IRQHandler            
00000e09  DebugMon_Handler               
00000e09  Default_Handler                
00000e09  EUSCIA1_IRQHandler             
00000e09  EUSCIA2_IRQHandler             
00000e09  EUSCIA3_IRQHandler             
00000e09  EUSCIB0_IRQHandler             
00000e09  EUSCIB1_IRQHandler             
00000e09  EUSCIB2_IRQHandler             
00000e09  EUSCIB3_IRQHandler             
00000e09  FLCTL_IRQHandler               
00000e09  FPU_IRQHandler                 
00000e09  HardFault_Handler              
00000e09  MemManage_Handler              
00000e09  NMI_Handler                    
00000e09  PCM_IRQHandler                 
00000e09  PORT1_IRQHandler               
00000e09  PORT2_IRQHandler               
00000e09  PORT3_IRQHandler               
00000e09  PORT4_IRQHandler               
00000e09  PORT5_IRQHandler               
00000e09  PORT6_IRQHandler               
00000e09  PSS_IRQHandler                 
00000e09  PendSV_Handler                 
00000e09  RTC_C_IRQHandler               
00000e09  SVC_Handler                    
00000e09  SysTick_Handler                
00000e09  T32_INT1_IRQHandler            
00000e09  T32_INT2_IRQHandler            
00000e09  T32_INTC_IRQHandler            
00000e09  TA0_0_IRQHandler               
00000e09  TA0_N_IRQHandler               
00000e09  TA1_0_IRQHandler               
00000e09  TA1_N_IRQHandler               
00000e09  TA2_0_IRQHandler               
00000e09  TA2_N_IRQHandler               
00000e09  TA3_0_IRQHandler               
00000e09  TA3_N_IRQHandler               
00000e09  UsageFault_Handler             
00000e09  WDT_A_IRQHandler               
00000e0b  _system_pre_init               
00000e0f  C$$EXIT                        
00000e0f  abort                          
00000ec4  __TI_Handler_Table_Base        
00000ed0  __TI_Handler_Table_Limit       
00000ee0  __TI_CINIT_Base                
00000ef8  __TI_CINIT_Limit               
20000000  g_pfnRAMVectors                
200000e4  controllerConfig               
200000e8  _sys_memory                    
200004f4  _lock                          
200004f8  _unlock                        
200004fc  SystemCoreClock                
2000fe00  __stack                        
20010000  __STACK_END                    
4000480c  WDTCTL_SYM                     
ffffffff  __TI_pprof_out_hndl            
ffffffff  __TI_prof_data_size            
ffffffff  __TI_prof_data_start           
ffffffff  __binit__                      
ffffffff  __c_args__                     
ffffffff  binit                          
UNDEFED   __mpu_init                     
UNDEFED   _system_post_cinit             

[128 symbols]
